// Jest Snapshot v1, https://goo.gl/fbAQLP

exports[`All Issues Page Snapshot renders correctly 1`] = `
<AllIssuesPage>
  <h1>
    Issue List
  </h1>
  <IssueList
    issues={
      Array [
        Object {
          "id": 1,
          "issue_description": "On clicking Delete,the applicationcrashes",
          "severity": "Critical",
          "status": "Open",
        },
        Object {
          "id": 2,
          "issue_description": "The heading Add is wrongly displayed as edit",
          "severity": "Minor",
          "status": "Closed",
        },
        Object {
          "id": 3,
          "issue_description": "The payment functionality is missing",
          "severity": "Major",
          "status": "missing",
        },
      ]
    }
  >
    <table
      border="2"
    >
      <thead>
        <tr
          className="heading"
        >
          <th>
            ID
          </th>
          <th>
            Issue Description
          </th>
          <th>
            SEVERITY
          </th>
          <th>
            STATUS
          </th>
        </tr>
      </thead>
      <tbody>
        <Issue
          id={1}
          issue_description="On clicking Delete,the applicationcrashes"
          key="1"
          severity="Critical"
          status="Open"
        >
          <tr>
            <td>
              1
            </td>
            <td>
              On clicking Delete,the applicationcrashes
            </td>
            <td>
              Critical
            </td>
            <td>
              Open
            </td>
          </tr>
        </Issue>
        <Issue
          id={2}
          issue_description="The heading Add is wrongly displayed as edit"
          key="2"
          severity="Minor"
          status="Closed">
          <tr>
            <td>
              2
            </td>
            <td>
              The payment functionality is missing            </td>
            <td>
              Minor
            </td>
            <td>
              Closed
            </td>
          </tr>
        </Issue>
        <Issue
          id={3}
          issue_description="The payment functionality is missing"
          key="3"
          severity="Major"
          status="missing"
        >
          <tr>
            <td>
              3
            </td>
            <td>
              The payment functionality is missing
            </td>
            <td>
              Major
            </td>
            <td>
              missing
            </td>
          </tr>
        </Issue>
      </tbody>
    </table>
  </IssueList>
</AllIssuesPage>
`;
